{
    "wallTime": 4,
    "cpuTime": 3,
    "truncated": false,
    "executionModel": "stateless",
    "outcome": "ok",
    "scriptVersion": {
        "id": "181034c2-a70c-4f27-aad1-6f048aafbeae"
    },
    "scriptName": "lens",
    "diagnosticsChannelEvents": [],
    "exceptions": [],
    "logs": [
        {
            "errorInfo": [
                {
                    "name": "TypeError",
                    "message": "writeDataPoint(): Maximum of 1 indexes supported.",
                    "stack": "    at Logger.trackEngagement (index.js:17542:21)\n    at index.js:17994:10\n    at async dispatch (index.js:295:17)\n    at async cors2 (index.js:2496:5)\n    at async dispatch (index.js:295:17)\n    at async index.js:1692:25"
                }
            ],
            "message": [
                "TypeError: writeDataPoint(): Maximum of 1 indexes supported."
            ],
            "level": "error",
            "timestamp": 1786434767145
        }
    ],
    "eventTimestamp": 1786434767104,
    "event": {
        "request": {
            "url": "https://lens.53.workers.dev/api/stats/track",
            "method": "POST",
            "headers": {
                "accept": "*/*",
                "accept-encoding": "gzip, br",
                "cf-connecting-ip": "2603:c023:5:ddff:4fb4:4c6f:7caa:257c",
                "cf-ipcountry": "JP",
                "cf-ray": "a295a9ae5b21fcb3",
                "cf-visitor": "{\"scheme\":\"https\"}",
                "connection": "Keep-Alive",
                "content-length": "109",
                "content-type": "application/json",
                "host": "lens.53.workers.dev",
                "user-agent": "curl/8.5.0",
                "x-forwarded-proto": "https",
                "x-real-ip": "2603:c023:5:ddff:4fb4:4c6f:7caa:257c"
            },
            "cf": {
                "httpProtocol": "HTTP/2",
                "requestPriority": "weight=16;exclusive=0;group=0;group-weight=0",
                "edgeRequestKeepAliveStatus": 1,
                "requestHeaderNames": {},
                "clientTcpRtt": 0,
                "clientQuicRtt": 0,
                "colo": "KIX",
                "asn": 31898,
                "asOrganization": "Oracle Corporation",
                "country": "JP",
                "isEUCountry": false,
                "city": "Osaka",
                "continent": "AS",
                "region": "Osaka",
                "regionCode": "27",
                "timezone": "Asia/Tokyo",
                "longitude": "135.50107",
                "latitude": "34.69379",
                "postalCode": "543-0062",
                "tlsVersion": "TLSv1.3",
                "tlsCipher": "AEAD-AES256-GCM-SHA384",
                "tlsClientRandom": "Ohu6UTYEQ+SxWhIkVjgfqhv3ICNCsR3bCxGF+2a+eFs=",
                "tlsClientCiphersSha1": "GXSPDLP4G3X+prK73a4wBuOaHRc=",
                "tlsClientExtensionsSha1": "tlH5gnoC5Z1HF45J5OgHEi338V0=",
                "tlsClientExtensionsSha1Le": "mRCkyUCRFDTLCNHGQsZNFhkU1/4=",
                "tlsExportedAuthenticator": {
                    "clientHandshake": "7fcef7dd56f41501a3a78c9f02db499dbe88b53e2956a99e62c101bd125b6fd4b9e28df71b52f40b98d9a5c81036c913",
                    "serverHandshake": "c761bda62170d6ad50b1d38f5c1886a39ff2d2f50499926d2be620e6714b110c3f8541efa796994efe72ea8299504dbe",
                    "clientFinished": "e9d1db4337e07cade0fc8cac471a89683d33f23a99b8ae4863f6ffd80565dd895985859b2bb1afd0aa86d14677b99d01",
                    "serverFinished": "0e4e4a3fa791910275698325019c0602f18674bdbf01a742339a8911bc7c7b894664edb4e5043a1e7c41cacda656899a"
                },
                "tlsClientHelloLength": "508",
                "tlsClientAuth": {
                    "certPresented": "0",
                    "certVerified": "NONE",
                    "certRevoked": "0",
                    "certIssuerDN": "",
                    "certSubjectDN": "",
                    "certIssuerDNRFC2253": "",
                    "certSubjectDNRFC2253": "",
                    "certIssuerDNLegacy": "",
                    "certSubjectDNLegacy": "",
                    "certSerial": "",
                    "certIssuerSerial": "",
                    "certSKI": "",
                    "certIssuerSKI": "",
                    "certFingerprintSHA1": "",
                    "certFingerprintSHA256": "",
                    "certNotBefore": "",
                    "certNotAfter": "",
                    "certRFC9440": "",
                    "certRFC9440TooLarge": false,
                    "certChainRFC9440": "",
                    "certChainRFC9440TooLarge": false
                },
                "verifiedBotCategory": "",
                "edgeL4": {
                    "deliveryRate": 4130745
                }
            }
        },
        "response": {
            "status": 500
        }
    }
}
